a = 0
_L1
i = 0
_L2
if i < 3 goto _L4
goto _L0
_L4
a = i
_L3
_t0 = i + 1
i = _t0
goto _L2
_L0
