_L1
if b == 1 goto _L2
goto _L0
_L2
a = 42
goto _L1
if a > 3 goto _L3
goto _L4
_L3
a = 1234
goto _L0
_L4
if b == 1 goto _L5
goto _L0
_L5
a = 5678
_L6
if b == 1 goto _L7
goto _L0
_L7
_L8
if c == 1 goto _L10
goto _L6
_L10
goto _L9
_L9
a = 42
goto _L8
goto _L6
_L0
