a = 0
_L1
i = 0
_L2
if i < 3 goto _L4
goto _L0
_L4
_t0 = 4 * i
a = _t0
_L3
_t1 = i + 1
i = _t1
goto _L2
_L0
