a = 0
_L1
i = 3
_L2
if i <= 5 goto _L4
goto _L0
_L4
a = 0
_L3
_t0 = i + 2
i = _t0
goto _L2
_L0
