_t0 = - 4
a = _t0
_t1 = a + 1
a = _t1
_t2 = a + 1
a = _t2
a = 0
_L0
