a = 0
_L1
i = 0
_L2
if i < 3 goto _L4
goto _L0
_L4
j = 0
_L5
if j < 3 goto _L7
goto _L3
_L7
a = i
_L6
_t0 = j + 2
j = _t0
goto _L5
_L3
_t1 = i + 1
i = _t1
goto _L2
_L0
